yarn run v1.22.22
$ node --max_old_space_size=8192 ./node_modules/gulp/bin/gulp.js vscode-win32-x64
[[90m18:51:37[39m] Using gulpfile ~\vscode\gulpfile.js
[[90m18:51:37[39m] Starting 'vscode-win32-x64'...
[[90m18:51:37[39m] Starting [36mclean-out-build[39m ...
[[90m18:51:38[39m] Finished [36mclean-out-build[39m after [35m1331 ms[39m
[[90m18:51:38[39m] Starting [36mbuild-web-node-paths[39m ...
No entry point for jschardet assuming dist/jschardet.min.js
[[90m18:51:38[39m] Finished [36mbuild-web-node-paths[39m after [35m8 ms[39m
[[90m18:51:38[39m] Starting [36mcompile-build[39m ...
[[90m18:51:43[39m] Starting [32mcompilation[39m...
[[90m18:57:12[39m] Finished [32mcompilation[39m with 0 errors after [35m329110 ms[39m
[[90m18:57:12[39m] Finished [36mcompile-build[39m after [35m333934 ms[39m
[[90m18:57:12[39m] Starting [36mclean-extensions-build[39m ...
[[90m18:57:12[39m] Finished [36mclean-extensions-build[39m after [35m73 ms[39m
[[90m18:57:12[39m] Starting [36mbundle-extensions-build[39m ...
[[90m18:57:31[39m] Bundled extension: [33mlatex\extension.webpack.config.js[39m...
[[90m18:57:31[39m] Bundled extension: [33msimple-browser\extension.webpack.config.js[39m...
[[90m18:57:31[39m] Bundled extension: [33mimage-preview\extension.webpack.config.js[39m...
[[90m18:57:35[39m] Bundled extension: [33mmarkdown-math\extension.webpack.config.js[39m...
[[90m18:57:41[39m] Bundled extension: [33mjson-language-features\server\extension.webpack.config.js[39m...
[[90m18:57:45[39m] Bundled extension: [33mmarkdown-language-features\extension.webpack.config.js[39m...
[[90m18:57:46[39m] Bundled extension: [33mjson-language-features\extension.webpack.config.js[39m...
[[90m18:57:46[39m] Finished [36mbundle-extensions-build[39m after [35m34028 ms[39m
[[90m18:57:46[39m] Starting [36mbundle-marketplace-extensions-build[39m ...
[[90m18:57:46[39m] Finished [36mbundle-marketplace-extensions-build[39m after [35m3 ms[39m
[[90m18:57:46[39m] Starting [36mcompile-extensions-build[39m ...
[[90m18:57:46[39m] Finished [36mcompile-extensions-build[39m after [35m0 ms[39m
[[90m18:57:46[39m] Starting [36mcompile-extension-media-build[39m ...
[[90m18:57:48[39m] Finished [32mesbuilding extension media[39m C:\Users\joban\vscode\extensions\markdown-math\esbuild.js with 0 errors.
[[90m18:57:48[39m] Finished [32mesbuilding extension media[39m C:\Users\joban\vscode\extensions\markdown-language-features\esbuild.js with 0 errors.
[[90m18:57:51[39m] Finished [32mwebpacking extension media[39m [36m..[39m with 0 errors.
[[90m18:57:51[39m] Finished [32mwebpacking extension media[39m [36m..[39m with 0 errors.
[[90m18:57:51[39m] Finished [36mcompile-extension-media-build[39m after [35m4573 ms[39m
[[90m18:57:51[39m] Starting [36mclean-out-vscode[39m ...
[[90m18:57:51[39m] Finished [36mclean-out-vscode[39m after [35m58 ms[39m
[[90m18:57:51[39m] Starting [36moptimize-vscode[39m ...
[[90m18:58:43[39m] Finished [36moptimize-vscode[39m after [35m52308 ms[39m
[[90m18:58:43[39m] Starting [36mclean-vscode-win32-x64[39m ...
[[90m18:58:43[39m] Finished [36mclean-vscode-win32-x64[39m after [35m281 ms[39m
[[90m18:58:43[39m] Starting [36mvscode-win32-x64-ci[39m ...
[[90m18:59:13[39m] Finished [36mvscode-win32-x64-ci[39m after [35m29419 ms[39m
[[90m18:59:13[39m] Starting [36mvscode-win32-x64[39m ...
[[90m18:59:13[39m] Finished [36mvscode-win32-x64[39m after [35m0 ms[39m
[[90m18:59:13[39m] Finished 'vscode-win32-x64' after 7.6 min
Done in 464.50s.
